
> cleanteam@0.1.1 build
> next build

node.exe : ??Warning: Ne
xt.js inferred your work
space root, but it may n
ot be correct.
위치 줄:1 문자:1
+ & "C:\Program Files\no
dejs/node.exe" "C:\Users
\UserPC\AppData\Roaming 
...
+ ~~~~~~~~~~~~~~~~~~~~~~
~~~~~~~~~~~~~~~~~~~~~~~~
~~~~~~~~~~~~~~~~~~~~~~~
    + CategoryInfo      
        : NotSpeci    fi
ed: (??Warning:     Next
...not be co    rrect.:S
tring) []    , RemoteExc
eption
    + FullyQualifiedE   
 rrorId : NativeCo    mm
andError
 
 We detected multiple lo
ckfiles and selected the
 directory of C:\Users\U
serPC\package-lock.json 
as the root directory.
 To silence this warning
, set `turbopack.root` i
n your Next.js config, o
r consider removing one 
of the lockfiles if it's
 not needed.
   See https://nextjs.or
g/docs/app/api-reference
/config/next-config-js/t
urbopack#root-directory 
for more information.
 Detected additional loc
kfiles: 
   * C:\Users\UserPC\Des
ktop\cleanteam\package-l
ock.json

??Next.js 16.1.6 (Turbopack)
- Environments: .env.local

??The "middleware" file 
convention is deprecated
. Please use "proxy" ins
tead. Learn more: https:
//nextjs.org/docs/messag
es/middleware-to-proxy
  Creating an optimized production build ...

> Build error occurred
Error: Turbopack build f
ailed with 5 errors:
./Desktop/cleanteam/src/
components/worker/checkl
ist-form.tsx:4:20
Ecmascript file had an e
rror
[0m [90m 2 |[39m
 [90m 3 |[39m [36mimp
ort[39m { useState[33m
,[39m useEffect } [36m
from[39m [32m'react'[
39m
[31m[1m>[22m[39m[90
m 4 |[39m [36mimport[
39m { useState[33m,[39
m useEffect } [36mfrom
[39m [32m'react'[39m
 [90m   |[39m         
           [31m[1m^[2
2m[39m[31m[1m^[22m[
39m[31m[1m^[22m[39m
[31m[1m^[22m[39m[31m
[1m^[22m[39m[31m[1m
^[22m[39m[31m[1m^[2
2m[39m[31m[1m^[22m[
39m[31m[1m^[22m[39m
 [90m 5 |[39m [36mimp
ort[39m { getChecklistF
orSite[33m,[39m submit
Checklist[33m,[39m sav
eChecklistProgress } [3
6mfrom[39m [32m'@/acti
ons/checklist-submission
'[39m
 [90m 6 |[39m [36mimp
ort[39m { [33mSignatur
ePad[39m } [36mfrom[3
9m [32m'@/components/wo
rker/signature-pad'[39m
 [90m 7 |[39m [36mimp
ort[39m { [33mButton[
39m } [36mfrom[39m [3
2m'@/components/ui/butto
n'[39m[0m

the name `useEffect` is 
defined multiple times

Import traces:
  Client Component Brows
er:
    ./Desktop/cleanteam/
src/components/worker/ch
ecklist-form.tsx [Client
 Component Browser]
    ./Desktop/cleanteam/
src/app/(worker)/worker/
sites/[id]/page.tsx [Cli
ent Component Browser]
    ./Desktop/cleanteam/
src/app/(worker)/worker/
sites/[id]/page.tsx [Ser
ver Component]

  Client Component SSR:
    ./Desktop/cleanteam/
src/components/worker/ch
ecklist-form.tsx [Client
 Component SSR]
    ./Desktop/cleanteam/
src/app/(worker)/worker/
sites/[id]/page.tsx [Cli
ent Component SSR]
    ./Desktop/cleanteam/
src/app/(worker)/worker/
sites/[id]/page.tsx [Ser
ver Component]


./Desktop/cleanteam/src/
components/worker/checkl
ist-form.tsx:4:10
Ecmascript file had an e
rror
[0m [90m 2 |[39m
 [90m 3 |[39m [36mimp
ort[39m { useState[33m
,[39m useEffect } [36m
from[39m [32m'react'[
39m
[31m[1m>[22m[39m[90
m 4 |[39m [36mimport[
39m { useState[33m,[39
m useEffect } [36mfrom
[39m [32m'react'[39m
 [90m   |[39m         
 [31m[1m^[22m[39m[3
1m[1m^[22m[39m[31m[
1m^[22m[39m[31m[1m^
[22m[39m[31m[1m^[22m
[39m[31m[1m^[22m[39
m[31m[1m^[22m[39m[3
1m[1m^[22m[39m
 [90m 5 |[39m [36mimp
ort[39m { getChecklistF
orSite[33m,[39m submit
Checklist[33m,[39m sav
eChecklistProgress } [3
6mfrom[39m [32m'@/acti
ons/checklist-submission
'[39m
 [90m 6 |[39m [36mimp
ort[39m { [33mSignatur
ePad[39m } [36mfrom[3
9m [32m'@/components/wo
rker/signature-pad'[39m
 [90m 7 |[39m [36mimp
ort[39m { [33mButton[
39m } [36mfrom[39m [3
2m'@/components/ui/butto
n'[39m[0m

the name `useState` is d
efined multiple times

Import traces:
  Client Component Brows
er:
    ./Desktop/cleanteam/
src/components/worker/ch
ecklist-form.tsx [Client
 Component Browser]
    ./Desktop/cleanteam/
src/app/(worker)/worker/
sites/[id]/page.tsx [Cli
ent Component Browser]
    ./Desktop/cleanteam/
src/app/(worker)/worker/
sites/[id]/page.tsx [Ser
ver Component]

  Client Component SSR:
    ./Desktop/cleanteam/
src/components/worker/ch
ecklist-form.tsx [Client
 Component SSR]
    ./Desktop/cleanteam/
src/app/(worker)/worker/
sites/[id]/page.tsx [Cli
ent Component SSR]
    ./Desktop/cleanteam/
src/app/(worker)/worker/
sites/[id]/page.tsx [Ser
ver Component]


./Desktop/cleanteam/src/
app/(worker)/worker/prof
ile/page.tsx:1:1
Export getWorkerProfile 
doesn't exist in target 
module
[0m[31m[1m>[22m[39m
[90m 1 |[39m [36mimpo
rt[39m { getWorkerProfi
le } [36mfrom[39m [32
m'@/actions/worker'[39m
 [90m   |[39m [31m[1
m^[22m[39m[31m[1m^[
22m[39m[31m[1m^[22m
[39m[31m[1m^[22m[39m
[31m[1m^[22m[39m[31
m[1m^[22m[39m[31m[1
m^[22m[39m[31m[1m^[
22m[39m[31m[1m^[22m
[39m[31m[1m^[22m[39m
[31m[1m^[22m[39m[31
m[1m^[22m[39m[31m[1
m^[22m[39m[31m[1m^[
22m[39m[31m[1m^[22m
[39m[31m[1m^[22m[39m
[31m[1m^[22m[39m[31
m[1m^[22m[39m[31m[1
m^[22m[39m[31m[1m^[
22m[39m[31m[1m^[22m
[39m[31m[1m^[22m[39m
[31m[1m^[22m[39m[31
m[1m^[22m[39m[31m[1
m^[22m[39m[31m[1m^[
22m[39m[31m[1m^[22m
[39m[31m[1m^[22m[39m
[31m[1m^[22m[39m[31
m[1m^[22m[39m[31m[1
m^[22m[39m[31m[1m^[
22m[39m[31m[1m^[22m
[39m[31m[1m^[22m[39m
[31m[1m^[22m[39m[31
m[1m^[22m[39m[31m[1
m^[22m[39m[31m[1m^[
22m[39m[31m[1m^[22m
[39m[31m[1m^[22m[39m
[31m[1m^[22m[39m[31
m[1m^[22m[39m[31m[1
m^[22m[39m[31m[1m^[
22m[39m[31m[1m^[22m
[39m[31m[1m^[22m[39m
[31m[1m^[22m[39m[31
m[1m^[22m[39m[31m[1
m^[22m[39m[31m[1m^[
22m[39m[31m[1m^[22m
[39m
 [90m 2 |[39m [36mimp
ort[39m { [33mProfileF
orm[39m } [36mfrom[39
m [32m'./profile-form'
[39m
 [90m 3 |[39m [36mimp
ort[39m { [33mUser[39
m } [36mfrom[39m [32m
'lucide-react'[39m
 [90m 4 |[39m[0m

The export getWorkerProf
ile was not found in mod
ule [project]/Desktop/cl
eanteam/src/actions/work
er.ts [app-rsc] (ecmascr
ipt).
Did you mean to import g
etSitePhotos?
All exports of the modul
e are statically known (
It doesn't have dynamic 
exports). So it's known 
statically that the requ
ested export doesn't exi
st.


./Desktop/cleanteam/src/
app/(worker)/worker/prof
ile/profile-form.tsx:11:
1
Export updateWorkerProfi
le doesn't exist in targ
et module
[0m [90m  9 |[39m [3
6mimport[39m { toast } 
[36mfrom[39m [32m'son
ner'[39m
 [90m 10 |[39m [36mim
port[39m { useState } 
[36mfrom[39m [32m'reac
t'[39m
[31m[1m>[22m[39m[90
m 11 |[39m [36mimport
[39m { updateWorkerProfi
le } [36mfrom[39m [32
m'@/actions/worker'[39m
 [90m    |[39m [31m[
1m^[22m[39m[31m[1m^
[22m[39m[31m[1m^[22m
[39m[31m[1m^[22m[39
m[31m[1m^[22m[39m[3
1m[1m^[22m[39m[31m[
1m^[22m[39m[31m[1m^
[22m[39m[31m[1m^[22m
[39m[31m[1m^[22m[39
m[31m[1m^[22m[39m[3
1m[1m^[22m[39m[31m[
1m^[22m[39m[31m[1m^
[22m[39m[31m[1m^[22m
[39m[31m[1m^[22m[39
m[31m[1m^[22m[39m[3
1m[1m^[22m[39m[31m[
1m^[22m[39m[31m[1m^
[22m[39m[31m[1m^[22m
[39m[31m[1m^[22m[39
m[31m[1m^[22m[39m[3
1m[1m^[22m[39m[31m[
1m^[22m[39m[31m[1m^
[22m[39m[31m[1m^[22m
[39m[31m[1m^[22m[39
m[31m[1m^[22m[39m[3
1m[1m^[22m[39m[31m[
1m^[22m[39m[31m[1m^
[22m[39m[31m[1m^[22m
[39m[31m[1m^[22m[39
m[31m[1m^[22m[39m[3
1m[1m^[22m[39m[31m[
1m^[22m[39m[31m[1m^
[22m[39m[31m[1m^[22m
[39m[31m[1m^[22m[39
m[31m[1m^[22m[39m[3
1m[1m^[22m[39m[31m[
1m^[22m[39m[31m[1m^
[22m[39m[31m[1m^[22m
[39m[31m[1m^[22m[39
m[31m[1m^[22m[39m[3
1m[1m^[22m[39m[31m[
1m^[22m[39m[31m[1m^
[22m[39m[31m[1m^[22m
[39m[31m[1m^[22m[39
m[31m[1m^[22m[39m[3
1m[1m^[22m[39m
 [90m 12 |[39m
 [90m 13 |[39m [36min
terface[39m [33mProfil
eFormProps[39m {
 [90m 14 |[39m     use
r[33m:[39m any[0m

The export updateWorkerP
rofile was not found in 
module [project]/Desktop
/cleanteam/src/actions/w
orker.ts [app-client] (e
cmascript).
Did you mean to import u
ploadPhoto?
All exports of the modul
e are statically known (
It doesn't have dynamic 
exports). So it's known 
statically that the requ
ested export doesn't exi
st.

Import trace:
  Server Component:
    ./Desktop/cleanteam/
src/app/(worker)/worker/
profile/profile-form.tsx
    ./Desktop/cleanteam/
src/app/(worker)/worker/
profile/page.tsx


./Desktop/cleanteam/src/
app/(worker)/worker/prof
ile/profile-form.tsx:11:
1
Export updateWorkerProfi
le doesn't exist in targ
et module
[0m [90m  9 |[39m [3
6mimport[39m { toast } 
[36mfrom[39m [32m'son
ner'[39m
 [90m 10 |[39m [36mim
port[39m { useState } 
[36mfrom[39m [32m'reac
t'[39m
[31m[1m>[22m[39m[90
m 11 |[39m [36mimport
[39m { updateWorkerProfi
le } [36mfrom[39m [32
m'@/actions/worker'[39m
 [90m    |[39m [31m[
1m^[22m[39m[31m[1m^
[22m[39m[31m[1m^[22m
[39m[31m[1m^[22m[39
m[31m[1m^[22m[39m[3
1m[1m^[22m[39m[31m[
1m^[22m[39m[31m[1m^
[22m[39m[31m[1m^[22m
[39m[31m[1m^[22m[39
m[31m[1m^[22m[39m[3
1m[1m^[22m[39m[31m[
1m^[22m[39m[31m[1m^
[22m[39m[31m[1m^[22m
[39m[31m[1m^[22m[39
m[31m[1m^[22m[39m[3
1m[1m^[22m[39m[31m[
1m^[22m[39m[31m[1m^
[22m[39m[31m[1m^[22m
[39m[31m[1m^[22m[39
m[31m[1m^[22m[39m[3
1m[1m^[22m[39m[31m[
1m^[22m[39m[31m[1m^
[22m[39m[31m[1m^[22m
[39m[31m[1m^[22m[39
m[31m[1m^[22m[39m[3
1m[1m^[22m[39m[31m[
1m^[22m[39m[31m[1m^
[22m[39m[31m[1m^[22m
[39m[31m[1m^[22m[39
m[31m[1m^[22m[39m[3
1m[1m^[22m[39m[31m[
1m^[22m[39m[31m[1m^
[22m[39m[31m[1m^[22m
[39m[31m[1m^[22m[39
m[31m[1m^[22m[39m[3
1m[1m^[22m[39m[31m[
1m^[22m[39m[31m[1m^
[22m[39m[31m[1m^[22m
[39m[31m[1m^[22m[39
m[31m[1m^[22m[39m[3
1m[1m^[22m[39m[31m[
1m^[22m[39m[31m[1m^
[22m[39m[31m[1m^[22m
[39m[31m[1m^[22m[39
m[31m[1m^[22m[39m[3
1m[1m^[22m[39m
 [90m 12 |[39m
 [90m 13 |[39m [36min
terface[39m [33mProfil
eFormProps[39m {
 [90m 14 |[39m     use
r[33m:[39m any[0m

The export updateWorkerP
rofile was not found in 
module [project]/Desktop
/cleanteam/src/actions/w
orker.ts [app-ssr] (ecma
script).
Did you mean to import u
ploadPhoto?
All exports of the modul
e are statically known (
It doesn't have dynamic 
exports). So it's known 
statically that the requ
ested export doesn't exi
st.

Import trace:
  Server Component:
    ./Desktop/cleanteam/
src/app/(worker)/worker/
profile/profile-form.tsx
    ./Desktop/cleanteam/
src/app/(worker)/worker/
profile/page.tsx


    at <unknown> (./Desk
top/cleanteam/src/compon
ents/worker/checklist-fo
rm.tsx:4:20)
    at <unknown> (./Desk
top/cleanteam/src/compon
ents/worker/checklist-fo
rm.tsx:4:10)
    at <unknown> (./Desk
top/cleanteam/src/app/(w
orker)/worker/profile/pa
ge.tsx:1:1)
    at <unknown> (./Desk
top/cleanteam/src/app/(w
orker)/worker/profile/pr
ofile-form.tsx:11:1)
    at <unknown> (./Desk
top/cleanteam/src/app/(w
orker)/worker/profile/pr
ofile-form.tsx:11:1)
